                                                        asm-src/machine1test1.asm        Page 1

68000 Assembler - version 2.71.F3w (Jul 27, 2006)
Copyright 1985 by Brian R. Anderson.
AmigaDOS conversion copyright 1991 by Charlie Gibbs.

000000  00100000                      1     dc.l    $00100000   * PC and SP
000004  00000400                      2     dc.l    $00000400
                                      3     
000400                                4     rorg     $400
                                      5 
000400                                6 start:
                                      7 
000400  0601 0001                     8                 addi.b          #1,d1                   
000404  0400 0001                     9                 subi.b          #1,d0
                                     10                 
000408  3400                         11                 move            d0,d2
00040A  E90A                         12                 lsl.b           #4,d2                   # high nibble--
                                     13 
00040C  1601                         14                 move.b          d1,d3
00040E  0203 000F                    15                 andi.b          #$0f,d3                 # low nibble++
                                     16 
000412  8602                         17                 or.b            d2,d3                   # d3 : high nibble++ low nibble--
                                     18                 
000414  13C3 000A0000                19                 move.b          d3,($A0000)             # output to latch
                                     20 
00041A  363C 2710                    21                 move.w          #10000,d3               # delay loop for count (or too fast to see!)
00041E                               22 dly:
                                     23 
00041E  1839 00080002                24                 move.b          ($80002),d4             # input from switches W A2-A0 
000424  0804 0007                    25                 btst.b          #$07,d4
000428  6716                         26                 beq.s           noW
                                     27                 
00042A  0244 0007                    28                 andi.w          #7,d4
00042E  E34C                         29                 lsl.w           #1,d4                   # mask address and *2
000430  207C 000B0000                30                 move.l          #$B0000,a0
000436  1A39 00080000                31                 move.b          ($80000),d5
00043C  1185 4000                    32                 move.b          d5,0(a0,d4.w)                   # TODO syntax for (0,a0,d4) ???
                                     33                 
000440                               34 noW:
                                     35                 
000440  51CB FFDC                    36                 dbra            d3,dly
                                     37 
000444  60BA                         38                 bra.s           start                   # main loop
                                     39 
                                     40 
000446                               40  end

End of assembly - no errors were found.
Heap usage:  -w4095,116
Total hunk sizes:  448 code, 0 data, 0 BSS
